exports[`test component 1`] = `
<div>
  <Post />
</div>
`;
