exports[`test something 1`] = `
<div>
  <h2
    className="title" />
  <p
    className="content" />
</div>
`;

exports[`test something 2`] = `
<div>
  <h2
    className="title">
    <Link
      activeClassName=""
      activeOnlyWhenExact={false}
      activeStyle={Object {}}
      className="link"
      isActive={[Function]}
      replace={false}
      style={Object {}}
      to="/post/undefined" />
  </h2>
  <p
    className="content" />
</div>
`;
